Input System module state changed to: Initialized.
[Physics::Module] Initialized fallback backend.
[Physics::Module] Id: 0xdecafbad
Initialize engine version: 6000.0.50f1 (f1ef1dca8bff)
[Subsystems] Discovering subsystems at path C:/Program Files (x86)/Steam/steamapps/common/BALLxPIT/Balls_Data/UnitySubsystems
GfxDevice: creating device client; kGfxThreadingModeThreaded
Direct3D:
    Version:  Direct3D 11.0 [level 11.1]
    Renderer: NVIDIA GeForce RTX 4080 SUPER (ID=0x2702)
    Vendor:   NVIDIA
    VRAM:     16045 MB
    Driver:   32.0.15.9571
[Physics::Module] Selected backend.
[Physics::Module] Name: PhysX
[Physics::Module] Id: 0xf2b8ea05
[Physics::Module] SDK Version: 4.1.2
[Physics::Module] Integration Version: 1.0.0
[Physics::Module] Threading Mode: Multi-Threaded
The referenced script on this Behaviour (Game Object '<null>') is missing!
The referenced script on this Behaviour (Game Object '<null>') is missing!
The referenced script on this Behaviour (Game Object '<null>') is missing!
The referenced script on this Behaviour (Game Object '<null>') is missing!
The referenced script on this Behaviour (Game Object '<null>') is missing!
<RI> Initializing input.
Using Windows.Gaming.Input
<RI> Input initialized.
<RI> Initialized touch support.
The referenced script (Unknown) on this Behaviour is missing!
The referenced script on this Behaviour (Game Object 'NPLN - UserContextManager') is missing!
A scripted object (probably nn.npln.unity.components.UserContextManager?) has a different serialization layout when loading. (Read 32 bytes but expected 68 bytes)
Did you #if UNITY_EDITOR a section of your serialized properties in any of your scripts?
UnloadTime: 0.164900 ms
UI Scale = 6/0.6666667
UnityEngine.DebugLogHandler:Internal_Log(LogType, LogOption, String, Object)
UnityEngine.Logger:Log(LogType, Object)
UnityEngine.Debug:Log(Object)
PlayerPrefsMgr:RefreshUIScale()
PlayerPrefsMgr:OnBeforeSceneLoadRuntimeMethod()
Toybox.Port.PCManager:Init()
Toybox.Port.PlatformManager:Init()
UnityEngine.GameObject:.ctor(String, Type[])

Odin Serializer ArchitectureInfo initialization with defaults (all unaligned read/writes disabled).
UnityEngine.DebugLogHandler:Internal_Log(LogType, LogOption, String, Object)
UnityEngine.Logger:Log(LogType, Object)
UnityEngine.Debug:Log(Object)
Sirenix.Serialization.UnitySerializationInitializer:Initialize()

Odin Serializer detected whitelisted runtime platform WindowsPlayer and memory read test succeeded; enabling all unaligned memory read/writes.
UnityEngine.DebugLogHandler:Internal_Log(LogType, LogOption, String, Object)
UnityEngine.Logger:Log(LogType, Object)
UnityEngine.Debug:Log(Object)
Sirenix.Serialization.ArchitectureInfo:SetRuntimePlatform(RuntimePlatform)
Sirenix.Serialization.UnitySerializationInitializer:Initialize()

Direct3D: detected that using refresh rate causes time drift. Will stop trusting refresh rate until the game window is moved.
Shader 'ExtraDepthPass': dependency 'Name' shader ' Main' not found
Unloading 5 Unused Serialized files (Serialized files now loaded: 0)
UnloadTime: 0.296200 ms
Populated slot data list
UnityEngine.DebugLogHandler:Internal_Log(LogType, LogOption, String, Object)
UnityEngine.Logger:Log(LogType, Object)
UnityEngine.Debug:Log(Object)
SaveMgr:LoadSlotMeta()
SaveMgr:Awake()
UnityEngine.Object:Instantiate(Object, Transform, Boolean)
UnityEngine.Object:Instantiate(T, Transform)
PersistentGroup:Awake()

Missing Translation for 'Bauhaus2015'
UnityEngine.DebugLogHandler:Internal_Log(LogType, LogOption, String, Object)
UnityEngine.Logger:Log(LogType, Object, Object)
UnityEngine.Debug:LogWarning(Object, Object)
I2.Loc.LanguageSourceData:TryGetTranslation(String, String&, String, String, Boolean, Boolean)
I2.Loc.LocalizationManager:TryGetTranslation(String, String&, Boolean, Int32, Boolean, Boolean, GameObject, String, Boolean)
I2.Loc.LocalizationManager:GetTranslation(String, Boolean, Int32, Boolean, Boolean, GameObject, String, Boolean)
I2.Loc.Localize:OnLocalize(Boolean)
UnityEngine.Object:Instantiate(Object, Transform, Boolean)
UnityEngine.Object:Instantiate(T, Transform)
PersistentGroup:Awake()

Missing Translation for 'Bauhaus2015'
UnityEngine.DebugLogHandler:Internal_Log(LogType, LogOption, String, Object)
UnityEngine.Logger:Log(LogType, Object, Object)
UnityEngine.Debug:LogWarning(Object, Object)
I2.Loc.LanguageSourceData:TryGetTranslation(String, String&, String, String, Boolean, Boolean)
I2.Loc.LocalizationManager:TryGetTranslation(String, String&, Boolean, Int32, Boolean, Boolean, GameObject, String, Boolean)
I2.Loc.LocalizationManager:GetTranslation(String, Boolean, Int32, Boolean, Boolean, GameObject, String, Boolean)
I2.Loc.Localize:OnLocalize(Boolean)
UnityEngine.Object:Instantiate(Object, Transform, Boolean)
UnityEngine.Object:Instantiate(T, Transform)
PersistentGroup:Awake()

Unloading 11 unused Assets to reduce memory usage. Loaded Objects now: 46298.
Total: 13.759100 ms (FindLiveObjects: 3.301500 ms CreateObjectMapping: 1.935300 ms MarkObjects: 8.446300 ms  DeleteObjects: 0.065300 ms)

Missing Translation for 'Bauhaus2015'
UnityEngine.DebugLogHandler:Internal_Log(LogType, LogOption, String, Object)
UnityEngine.Logger:Log(LogType, Object, Object)
UnityEngine.Debug:LogWarning(Object, Object)
I2.Loc.LanguageSourceData:TryGetTranslation(String, String&, String, String, Boolean, Boolean)
I2.Loc.LocalizationManager:TryGetTranslation(String, String&, Boolean, Int32, Boolean, Boolean, GameObject, String, Boolean)
I2.Loc.LocalizationManager:GetTranslation(String, Boolean, Int32, Boolean, Boolean, GameObject, String, Boolean)
I2.Loc.Localize:OnLocalize(Boolean)
I2.Loc.LocalizationManager:DoLocalizeAll(Boolean)
I2.Loc.<Coroutine_LocalizeAll>d__88:MoveNext()
UnityEngine.SetupCoroutine:InvokeMoveNext(IEnumerator, IntPtr)

Missing Translation for 'Bauhaus2015'
UnityEngine.DebugLogHandler:Internal_Log(LogType, LogOption, String, Object)
UnityEngine.Logger:Log(LogType, Object, Object)
UnityEngine.Debug:LogWarning(Object, Object)
I2.Loc.LanguageSourceData:TryGetTranslation(String, String&, String, String, Boolean, Boolean)
I2.Loc.LocalizationManager:TryGetTranslation(String, String&, Boolean, Int32, Boolean, Boolean, GameObject, String, Boolean)
I2.Loc.LocalizationManager:GetTranslation(String, Boolean, Int32, Boolean, Boolean, GameObject, String, Boolean)
I2.Loc.Localize:OnLocalize(Boolean)
I2.Loc.LocalizationManager:DoLocalizeAll(Boolean)
I2.Loc.<Coroutine_LocalizeAll>d__88:MoveNext()
UnityEngine.SetupCoroutine:InvokeMoveNext(IEnumerator, IntPtr)

Missing Translation for 'Bauhaus2015'
UnityEngine.DebugLogHandler:Internal_Log(LogType, LogOption, String, Object)
UnityEngine.Logger:Log(LogType, Object, Object)
UnityEngine.Debug:LogWarning(Object, Object)
I2.Loc.LanguageSourceData:TryGetTranslation(String, String&, String, String, Boolean, Boolean)
I2.Loc.LocalizationManager:TryGetTranslation(String, String&, Boolean, Int32, Boolean, Boolean, GameObject, String, Boolean)
I2.Loc.LocalizationManager:GetTranslation(String, Boolean, Int32, Boolean, Boolean, GameObject, String, Boolean)
I2.Loc.Localize:OnLocalize(Boolean)
I2.Loc.LocalizationManager:DoLocalizeAll(Boolean)
I2.Loc.<Coroutine_LocalizeAll>d__88:MoveNext()
UnityEngine.SetupCoroutine:InvokeMoveNext(IEnumerator, IntPtr)

Missing Translation for 'Bauhaus2015'
UnityEngine.DebugLogHandler:Internal_Log(LogType, LogOption, String, Object)
UnityEngine.Logger:Log(LogType, Object, Object)
UnityEngine.Debug:LogWarning(Object, Object)
I2.Loc.LanguageSourceData:TryGetTranslation(String, String&, String, String, Boolean, Boolean)
I2.Loc.LocalizationManager:TryGetTranslation(String, String&, Boolean, Int32, Boolean, Boolean, GameObject, String, Boolean)
I2.Loc.LocalizationManager:GetTranslation(String, Boolean, Int32, Boolean, Boolean, GameObject, String, Boolean)
I2.Loc.Localize:OnLocalize(Boolean)
I2.Loc.LocalizationManager:DoLocalizeAll(Boolean)
I2.Loc.<Coroutine_LocalizeAll>d__88:MoveNext()
UnityEngine.SetupCoroutine:InvokeMoveNext(IEnumerator, IntPtr)

Missing Translation for 'Bauhaus2015'
UnityEngine.DebugLogHandler:Internal_Log(LogType, LogOption, String, Object)
UnityEngine.Logger:Log(LogType, Object, Object)
UnityEngine.Debug:LogWarning(Object, Object)
I2.Loc.LanguageSourceData:TryGetTranslation(String, String&, String, String, Boolean, Boolean)
I2.Loc.LocalizationManager:TryGetTranslation(String, String&, Boolean, Int32, Boolean, Boolean, GameObject, String, Boolean)
I2.Loc.LocalizationManager:GetTranslation(String, Boolean, Int32, Boolean, Boolean, GameObject, String, Boolean)
I2.Loc.Localize:OnLocalize(Boolean)
I2.Loc.LocalizationManager:DoLocalizeAll(Boolean)
I2.Loc.<Coroutine_LocalizeAll>d__88:MoveNext()
UnityEngine.SetupCoroutine:InvokeMoveNext(IEnumerator, IntPtr)

Missing Translation for 'Bauhaus2015'
UnityEngine.DebugLogHandler:Internal_Log(LogType, LogOption, String, Object)
UnityEngine.Logger:Log(LogType, Object, Object)
UnityEngine.Debug:LogWarning(Object, Object)
I2.Loc.LanguageSourceData:TryGetTranslation(String, String&, String, String, Boolean, Boolean)
I2.Loc.LocalizationManager:TryGetTranslation(String, String&, Boolean, Int32, Boolean, Boolean, GameObject, String, Boolean)
I2.Loc.LocalizationManager:GetTranslation(String, Boolean, Int32, Boolean, Boolean, GameObject, String, Boolean)
I2.Loc.Localize:OnLocalize(Boolean)
I2.Loc.LocalizationManager:DoLocalizeAll(Boolean)
I2.Loc.<Coroutine_LocalizeAll>d__88:MoveNext()
UnityEngine.SetupCoroutine:InvokeMoveNext(IEnumerator, IntPtr)

Earning 0 seconds of resources (0 hours)
UnityEngine.DebugLogHandler:Internal_Log(LogType, LogOption, String, Object)
UnityEngine.Logger:Log(LogType, Object)
UnityEngine.Debug:Log(Object)
BuildingMgr:OnSaveLoaded()
SaveMgr:LoadMeta()
PlayerPrefsMgr:SetSaveSlot(Int32)
MainMenuUI:SelectBtn(MainMenuOption)
CoolButton:RunOnPointerUp(InputButton)
UnityEngine.EventSystems.ExecuteEvents:Execute(GameObject, BaseEventData, EventFunction`1)
Rewired.Integration.UnityUI.RewiredStandaloneInputModule:ProcessMousePress(MouseButtonEventData)
Rewired.Integration.UnityUI.RewiredStandaloneInputModule:ProcessMouseEvent(Int32, Int32)
Rewired.Integration.UnityUI.RewiredStandaloneInputModule:Process()
UnityEngine.EventSystems.EventSystem:Update()
Rewired.Integration.UnityUI.RewiredEventSystem:Update()

checkin complete encyclopedia...
UnityEngine.DebugLogHandler:Internal_Log(LogType, LogOption, String, Object)
UnityEngine.Logger:Log(LogType, Object)
UnityEngine.Debug:Log(Object)
AchMgr:CheckEncyclopediaAch()
PlayerPrefsMgr:SetSaveSlot(Int32)
MainMenuUI:SelectBtn(MainMenuOption)
CoolButton:RunOnPointerUp(InputButton)
UnityEngine.EventSystems.ExecuteEvents:Execute(GameObject, BaseEventData, EventFunction`1)
Rewired.Integration.UnityUI.RewiredStandaloneInputModule:ProcessMousePress(MouseButtonEventData)
Rewired.Integration.UnityUI.RewiredStandaloneInputModule:ProcessMouseEvent(Int32, Int32)
Rewired.Integration.UnityUI.RewiredStandaloneInputModule:Process()
UnityEngine.EventSystems.EventSystem:Update()
Rewired.Integration.UnityUI.RewiredEventSystem:Update()

haven't obtained kAddFollowerDamage
UnityEngine.DebugLogHandler:Internal_Log(LogType, LogOption, String, Object)
UnityEngine.Logger:Log(LogType, Object)
UnityEngine.Debug:Log(Object)
<_CheckEncyclopediaAch>d__10:MoveNext()
CielaSpike.Task:MoveNextUnity()
CielaSpike.Task:OnMoveNext()
UnityEngine.SetupCoroutine:InvokeMoveNext(IEnumerator, IntPtr)

Loading bank for kGraveyard...
UnityEngine.DebugLogHandler:Internal_Log(LogType, LogOption, String, Object)
UnityEngine.Logger:Log(LogType, Object)
UnityEngine.Debug:Log(Object)
AudioMgr:LoadLevelBankIfNeeded(LevelType)
<_LoadScene>d__11:MoveNext()
UnityEngine.SetupCoroutine:InvokeMoveNext(IEnumerator, IntPtr)
IntroCutsceneObj:Complete(Boolean)
IntroCutsceneObj:MyUpdate()
<EmulateUpdate>d__3:MoveNext()
MEC.Timing:Update()

Unloading 6 Unused Serialized files (Serialized files now loaded: 0)
UnloadTime: 3.496100 ms
Show kMoveControls
UnityEngine.DebugLogHandler:Internal_Log(LogType, LogOption, String, Object)
UnityEngine.Logger:Log(LogType, Object)
UnityEngine.Debug:Log(Object)
GameTutMgr:Show(GameTutType, Boolean)
GameTutMgr:Start()

Unloading 116 unused Assets to reduce memory usage. Loaded Objects now: 48291.
Total: 11.354700 ms (FindLiveObjects: 2.504100 ms CreateObjectMapping: 1.003300 ms MarkObjects: 7.718900 ms  DeleteObjects: 0.127900 ms)

checkin complete encyclopedia...
UnityEngine.DebugLogHandler:Internal_Log(LogType, LogOption, String, Object)
UnityEngine.Logger:Log(LogType, Object)
UnityEngine.Debug:Log(Object)
AchMgr:CheckEncyclopediaAch()
SaveMgr:StartNewBattle()
SaveMgr:LoadBattle()
GridMgr:InitGrid(LoadMode)
<_InitGridOnLoad>d__49:MoveNext()
<CancelWith>d__0:MoveNext()
MEC.Timing:Update()

WallLeftPrefab(Clone)/0: 0%)
UnityEngine.DebugLogHandler:Internal_Log(LogType, LogOption, String, Object)
UnityEngine.Logger:Log(LogType, Object)
UnityEngine.Debug:Log(Object)
GameTileMgr:InitTiles()
GridMgr:InitGrid(LoadMode)
<_InitGridOnLoad>d__49:MoveNext()
<CancelWith>d__0:MoveNext()
MEC.Timing:Update()

WallLeftPrefab(Clone)/1: 0.1123634%)
UnityEngine.DebugLogHandler:Internal_Log(LogType, LogOption, String, Object)
UnityEngine.Logger:Log(LogType, Object)
UnityEngine.Debug:Log(Object)
GameTileMgr:InitTiles()
GridMgr:InitGrid(LoadMode)
<_InitGridOnLoad>d__49:MoveNext()
<CancelWith>d__0:MoveNext()
MEC.Timing:Update()

WallLeftPrefab(Clone)/2: 0.2247268%)
UnityEngine.DebugLogHandler:Internal_Log(LogType, LogOption, String, Object)
UnityEngine.Logger:Log(LogType, Object)
UnityEngine.Debug:Log(Object)
GameTileMgr:InitTiles()
GridMgr:InitGrid(LoadMode)
<_InitGridOnLoad>d__49:MoveNext()
<CancelWith>d__0:MoveNext()
MEC.Timing:Update()

WallLeftPrefab(Clone)/3: 0.3370902%)
UnityEngine.DebugLogHandler:Internal_Log(LogType, LogOption, String, Object)
UnityEngine.Logger:Log(LogType, Object)
UnityEngine.Debug:Log(Object)
GameTileMgr:InitTiles()
GridMgr:InitGrid(LoadMode)
<_InitGridOnLoad>d__49:MoveNext()
<CancelWith>d__0:MoveNext()
MEC.Timing:Update()

WallLeftPrefab(Clone)/4: 0.4494536%)
UnityEngine.DebugLogHandler:Internal_Log(LogType, LogOption, String, Object)
UnityEngine.Logger:Log(LogType, Object)
UnityEngine.Debug:Log(Object)
GameTileMgr:InitTiles()
GridMgr:InitGrid(LoadMode)
<_InitGridOnLoad>d__49:MoveNext()
<CancelWith>d__0:MoveNext()
MEC.Timing:Update()

WallLeftPrefab(Clone)/5: 0.561817%)
UnityEngine.DebugLogHandler:Internal_Log(LogType, LogOption, String, Object)
UnityEngine.Logger:Log(LogType, Object)
UnityEngine.Debug:Log(Object)
GameTileMgr:InitTiles()
GridMgr:InitGrid(LoadMode)
<_InitGridOnLoad>d__49:MoveNext()
<CancelWith>d__0:MoveNext()
MEC.Timing:Update()

WallLeftPrefab(Clone)/6: 0.6741804%)
UnityEngine.DebugLogHandler:Internal_Log(LogType, LogOption, String, Object)
UnityEngine.Logger:Log(LogType, Object)
UnityEngine.Debug:Log(Object)
GameTileMgr:InitTiles()
GridMgr:InitGrid(LoadMode)
<_InitGridOnLoad>d__49:MoveNext()
<CancelWith>d__0:MoveNext()
MEC.Timing:Update()

WallLeftPrefab(Clone)/7: 0.7865438%)
UnityEngine.DebugLogHandler:Internal_Log(LogType, LogOption, String, Object)
UnityEngine.Logger:Log(LogType, Object)
UnityEngine.Debug:Log(Object)
GameTileMgr:InitTiles()
GridMgr:InitGrid(LoadMode)
<_InitGridOnLoad>d__49:MoveNext()
<CancelWith>d__0:MoveNext()
MEC.Timing:Update()

Setting state kPlaying -> kEnteringLvl
UnityEngine.DebugLogHandler:Internal_Log(LogType, LogOption, String, Object)
UnityEngine.Logger:Log(LogType, Object)
UnityEngine.Debug:Log(Object)
GameMgr:SetState(GameState, Boolean)
<_RunEnteringLvl>d__51:MoveNext()
<CancelWith>d__0:MoveNext()
MEC.Timing:RunCoroutineInternal(IEnumerator`1, Segment, String, CoroutineHandle, Boolean)
MEC.Timing:RunCoroutine(IEnumerator`1)
GridMgr:InitGrid(LoadMode)
<_InitGridOnLoad>d__49:MoveNext()
<CancelWith>d__0:MoveNext()
MEC.Timing:Update()

haven't obtained kAddFollowerDamage
UnityEngine.DebugLogHandler:Internal_Log(LogType, LogOption, String, Object)
UnityEngine.Logger:Log(LogType, Object)
UnityEngine.Debug:Log(Object)
<_CheckEncyclopediaAch>d__10:MoveNext()
CielaSpike.Task:MoveNextUnity()
CielaSpike.Task:OnMoveNext()
UnityEngine.SetupCoroutine:InvokeMoveNext(IEnumerator, IntPtr)

Setting state kEnteringLvl -> kPlaying
UnityEngine.DebugLogHandler:Internal_Log(LogType, LogOption, String, Object)
UnityEngine.Logger:Log(LogType, Object)
UnityEngine.Debug:Log(Object)
GameMgr:SetState(GameState, Boolean)
<_RunEnteringLvl>d__51:MoveNext()
<CancelWith>d__0:MoveNext()
MEC.Timing:Update()

Show kMoveControls
UnityEngine.DebugLogHandler:Internal_Log(LogType, LogOption, String, Object)
UnityEngine.Logger:Log(LogType, Object)
UnityEngine.Debug:Log(Object)
GameTutMgr:Show(GameTutType, Boolean)
GameMgr:SetState(GameState, Boolean)
<_RunEnteringLvl>d__51:MoveNext()
<CancelWith>d__0:MoveNext()
MEC.Timing:Update()

Show kShootControls
UnityEngine.DebugLogHandler:Internal_Log(LogType, LogOption, String, Object)
UnityEngine.Logger:Log(LogType, Object)
UnityEngine.Debug:Log(Object)
GameTutMgr:Show(GameTutType, Boolean)
<_RunTut>d__13:MoveNext()
<CancelWith>d__0:MoveNext()
MEC.Timing:Update()

Show kCollectGems
UnityEngine.DebugLogHandler:Internal_Log(LogType, LogOption, String, Object)
UnityEngine.Logger:Log(LogType, Object)
UnityEngine.Debug:Log(Object)
GameTutMgr:Show(GameTutType, Boolean)
<_RunTut>d__13:MoveNext()
<CancelWith>d__0:MoveNext()
MEC.Timing:Update()

checkin complete encyclopedia...
UnityEngine.DebugLogHandler:Internal_Log(LogType, LogOption, String, Object)
UnityEngine.Logger:Log(LogType, Object)
UnityEngine.Debug:Log(Object)
AchMgr:CheckEncyclopediaAch()
GridPieceObj:Die(Boolean)
GridPieceInst:SetState(PieceState)
GridMgr:KillPiece(GridPieceObj)
GridPieceInst:Damage(Int32, DamageType, HitType)
GridPieceObj:Damage(Int32, DamageType, HitType)
<_DamagePieceRoutine>d__74:MoveNext()
CielaSpike.Task:MoveNextUnity()
CielaSpike.Task:OnMoveNext()
UnityEngine.SetupCoroutine:InvokeMoveNext(IEnumerator, IntPtr)

haven't obtained kAddFollowerDamage
UnityEngine.DebugLogHandler:Internal_Log(LogType, LogOption, String, Object)
UnityEngine.Logger:Log(LogType, Object)
UnityEngine.Debug:Log(Object)
<_CheckEncyclopediaAch>d__10:MoveNext()
CielaSpike.Task:MoveNextUnity()
CielaSpike.Task:OnMoveNext()
UnityEngine.SetupCoroutine:InvokeMoveNext(IEnumerator, IntPtr)

Trying to spawn in row9 at x 0
UnityEngine.DebugLogHandler:Internal_Log(LogType, LogOption, String, Object)
UnityEngine.Logger:Log(LogType, Object)
UnityEngine.Debug:Log(Object)
<_SpawnWave>d__118:MoveNext()
<CancelWith>d__0:MoveNext()
MEC.Timing:RunCoroutineInternal(IEnumerator`1, Segment, String, CoroutineHandle, Boolean)
MEC.Timing:RunCoroutine(IEnumerator`1)
<_SpawnWaves>d__117:MoveNext()
MEC.Timing:RunCoroutineInternal(IEnumerator`1, Segment, String, CoroutineHandle, Boolean)
MEC.Timing:RunCoroutine(IEnumerator`1)
GridMgr:StartSpawningWaves()

Spawned!
UnityEngine.DebugLogHandler:Internal_Log(LogType, LogOption, String, Object)
UnityEngine.Logger:Log(LogType, Object)
UnityEngine.Debug:Log(Object)
<_SpawnWave>d__118:MoveNext()
<CancelWith>d__0:MoveNext()
MEC.Timing:RunCoroutineInternal(IEnumerator`1, Segment, String, CoroutineHandle, Boolean)
MEC.Timing:RunCoroutine(IEnumerator`1)
<_SpawnWaves>d__117:MoveNext()
MEC.Timing:RunCoroutineInternal(IEnumerator`1, Segment, String, CoroutineHandle, Boolean)
MEC.Timing:RunCoroutine(IEnumerator`1)
GridMgr:StartSpawningWaves()

Trying to spawn in row9 at x 2
UnityEngine.DebugLogHandler:Internal_Log(LogType, LogOption, String, Object)
UnityEngine.Logger:Log(LogType, Object)
UnityEngine.Debug:Log(Object)
<_SpawnWave>d__118:MoveNext()
<CancelWith>d__0:MoveNext()
MEC.Timing:RunCoroutineInternal(IEnumerator`1, Segment, String, CoroutineHandle, Boolean)
MEC.Timing:RunCoroutine(IEnumerator`1)
<_SpawnWaves>d__117:MoveNext()
MEC.Timing:RunCoroutineInternal(IEnumerator`1, Segment, String, CoroutineHandle, Boolean)
MEC.Timing:RunCoroutine(IEnumerator`1)
GridMgr:StartSpawningWaves()

Spawned!
UnityEngine.DebugLogHandler:Internal_Log(LogType, LogOption, String, Object)
UnityEngine.Logger:Log(LogType, Object)
UnityEngine.Debug:Log(Object)
<_SpawnWave>d__118:MoveNext()
<CancelWith>d__0:MoveNext()
MEC.Timing:RunCoroutineInternal(IEnumerator`1, Segment, String, CoroutineHandle, Boolean)
MEC.Timing:RunCoroutine(IEnumerator`1)
<_SpawnWaves>d__117:MoveNext()
MEC.Timing:RunCoroutineInternal(IEnumerator`1, Segment, String, CoroutineHandle, Boolean)
MEC.Timing:RunCoroutine(IEnumerator`1)
GridMgr:StartSpawningWaves()

Trying to spawn in row9 at x 4
UnityEngine.DebugLogHandler:Internal_Log(LogType, LogOption, String, Object)
UnityEngine.Logger:Log(LogType, Object)
UnityEngine.Debug:Log(Object)
<_SpawnWave>d__118:MoveNext()
<CancelWith>d__0:MoveNext()
MEC.Timing:RunCoroutineInternal(IEnumerator`1, Segment, String, CoroutineHandle, Boolean)
MEC.Timing:RunCoroutine(IEnumerator`1)
<_SpawnWaves>d__117:MoveNext()
MEC.Timing:RunCoroutineInternal(IEnumerator`1, Segment, String, CoroutineHandle, Boolean)
MEC.Timing:RunCoroutine(IEnumerator`1)
GridMgr:StartSpawningWaves()

Spawned!
UnityEngine.DebugLogHandler:Internal_Log(LogType, LogOption, String, Object)
UnityEngine.Logger:Log(LogType, Object)
UnityEngine.Debug:Log(Object)
<_SpawnWave>d__118:MoveNext()
<CancelWith>d__0:MoveNext()
MEC.Timing:RunCoroutineInternal(IEnumerator`1, Segment, String, CoroutineHandle, Boolean)
MEC.Timing:RunCoroutine(IEnumerator`1)
<_SpawnWaves>d__117:MoveNext()
MEC.Timing:RunCoroutineInternal(IEnumerator`1, Segment, String, CoroutineHandle, Boolean)
MEC.Timing:RunCoroutine(IEnumerator`1)
GridMgr:StartSpawningWaves()

Trying to spawn in row9 at x 0
UnityEngine.DebugLogHandler:Internal_Log(LogType, LogOption, String, Object)
UnityEngine.Logger:Log(LogType, Object)
UnityEngine.Debug:Log(Object)
<_SpawnWave>d__118:MoveNext()
<CancelWith>d__0:MoveNext()
MEC.Timing:RunCoroutineInternal(IEnumerator`1, Segment, String, CoroutineHandle, Boolean)
MEC.Timing:RunCoroutine(IEnumerator`1)
<_SpawnWaves>d__117:MoveNext()
MEC.Timing:RunCoroutineInternal(IEnumerator`1, Segment, String, CoroutineHandle, Boolean)
MEC.Timing:RunCoroutine(IEnumerator`1)
GridMgr:StartSpawningWaves()

Spawned!
UnityEngine.DebugLogHandler:Internal_Log(LogType, LogOption, String, Object)
UnityEngine.Logger:Log(LogType, Object)
UnityEngine.Debug:Log(Object)
<_SpawnWave>d__118:MoveNext()
<CancelWith>d__0:MoveNext()
MEC.Timing:RunCoroutineInternal(IEnumerator`1, Segment, String, CoroutineHandle, Boolean)
MEC.Timing:RunCoroutine(IEnumerator`1)
<_SpawnWaves>d__117:MoveNext()
MEC.Timing:RunCoroutineInternal(IEnumerator`1, Segment, String, CoroutineHandle, Boolean)
MEC.Timing:RunCoroutine(IEnumerator`1)
GridMgr:StartSpawningWaves()

Trying to spawn in row9 at x 1
UnityEngine.DebugLogHandler:Internal_Log(LogType, LogOption, String, Object)
UnityEngine.Logger:Log(LogType, Object)
UnityEngine.Debug:Log(Object)
<_SpawnWave>d__118:MoveNext()
<CancelWith>d__0:MoveNext()
MEC.Timing:RunCoroutineInternal(IEnumerator`1, Segment, String, CoroutineHandle, Boolean)
MEC.Timing:RunCoroutine(IEnumerator`1)
<_SpawnWaves>d__117:MoveNext()
MEC.Timing:RunCoroutineInternal(IEnumerator`1, Segment, String, CoroutineHandle, Boolean)
MEC.Timing:RunCoroutine(IEnumerator`1)
GridMgr:StartSpawningWaves()

Spawned!
UnityEngine.DebugLogHandler:Internal_Log(LogType, LogOption, String, Object)
UnityEngine.Logger:Log(LogType, Object)
UnityEngine.Debug:Log(Object)
<_SpawnWave>d__118:MoveNext()
<CancelWith>d__0:MoveNext()
MEC.Timing:RunCoroutineInternal(IEnumerator`1, Segment, String, CoroutineHandle, Boolean)
MEC.Timing:RunCoroutine(IEnumerator`1)
<_SpawnWaves>d__117:MoveNext()
MEC.Timing:RunCoroutineInternal(IEnumerator`1, Segment, String, CoroutineHandle, Boolean)
MEC.Timing:RunCoroutine(IEnumerator`1)
GridMgr:StartSpawningWaves()

Trying to spawn in row9 at x 2
UnityEngine.DebugLogHandler:Internal_Log(LogType, LogOption, String, Object)
UnityEngine.Logger:Log(LogType, Object)
UnityEngine.Debug:Log(Object)
<_SpawnWave>d__118:MoveNext()
<CancelWith>d__0:MoveNext()
MEC.Timing:RunCoroutineInternal(IEnumerator`1, Segment, String, CoroutineHandle, Boolean)
MEC.Timing:RunCoroutine(IEnumerator`1)
<_SpawnWaves>d__117:MoveNext()
MEC.Timing:RunCoroutineInternal(IEnumerator`1, Segment, String, CoroutineHandle, Boolean)
MEC.Timing:RunCoroutine(IEnumerator`1)
GridMgr:StartSpawningWaves()

Spawned!
UnityEngine.DebugLogHandler:Internal_Log(LogType, LogOption, String, Object)
UnityEngine.Logger:Log(LogType, Object)
UnityEngine.Debug:Log(Object)
<_SpawnWave>d__118:MoveNext()
<CancelWith>d__0:MoveNext()
MEC.Timing:RunCoroutineInternal(IEnumerator`1, Segment, String, CoroutineHandle, Boolean)
MEC.Timing:RunCoroutine(IEnumerator`1)
<_SpawnWaves>d__117:MoveNext()
MEC.Timing:RunCoroutineInternal(IEnumerator`1, Segment, String, CoroutineHandle, Boolean)
MEC.Timing:RunCoroutine(IEnumerator`1)
GridMgr:StartSpawningWaves()

Trying to spawn in row9 at x 3
UnityEngine.DebugLogHandler:Internal_Log(LogType, LogOption, String, Object)
UnityEngine.Logger:Log(LogType, Object)
UnityEngine.Debug:Log(Object)
<_SpawnWave>d__118:MoveNext()
<CancelWith>d__0:MoveNext()
MEC.Timing:RunCoroutineInternal(IEnumerator`1, Segment, String, CoroutineHandle, Boolean)
MEC.Timing:RunCoroutine(IEnumerator`1)
<_SpawnWaves>d__117:MoveNext()
MEC.Timing:RunCoroutineInternal(IEnumerator`1, Segment, String, CoroutineHandle, Boolean)
MEC.Timing:RunCoroutine(IEnumerator`1)
GridMgr:StartSpawningWaves()

Spawned!
UnityEngine.DebugLogHandler:Internal_Log(LogType, LogOption, String, Object)
UnityEngine.Logger:Log(LogType, Object)
UnityEngine.Debug:Log(Object)
<_SpawnWave>d__118:MoveNext()
<CancelWith>d__0:MoveNext()
MEC.Timing:RunCoroutineInternal(IEnumerator`1, Segment, String, CoroutineHandle, Boolean)
MEC.Timing:RunCoroutine(IEnumerator`1)
<_SpawnWaves>d__117:MoveNext()
MEC.Timing:RunCoroutineInternal(IEnumerator`1, Segment, String, CoroutineHandle, Boolean)
MEC.Timing:RunCoroutine(IEnumerator`1)
GridMgr:StartSpawningWaves()

Show kEnemyAttack
UnityEngine.DebugLogHandler:Internal_Log(LogType, LogOption, String, Object)
UnityEngine.Logger:Log(LogType, Object)
UnityEngine.Debug:Log(Object)
GameTutMgr:Show(GameTutType, Boolean)
<_RunTut>d__13:MoveNext()
<CancelWith>d__0:MoveNext()
MEC.Timing:Update()

Setting state kPlaying -> kPaused
UnityEngine.DebugLogHandler:Internal_Log(LogType, LogOption, String, Object)
UnityEngine.Logger:Log(LogType, Object)
UnityEngine.Debug:Log(Object)
GameMgr:SetState(GameState, Boolean)
Player:MyUpdate()
<EmulateUpdate>d__3:MoveNext()
MEC.Timing:Update()

Setting state kPaused -> kPlaying
UnityEngine.DebugLogHandler:Internal_Log(LogType, LogOption, String, Object)
UnityEngine.Logger:Log(LogType, Object)
UnityEngine.Debug:Log(Object)
GameMgr:SetState(GameState, Boolean)
Player:MyUpdate()
<EmulateUpdate>d__3:MoveNext()
MEC.Timing:Update()

Show kEnemyAttack
UnityEngine.DebugLogHandler:Internal_Log(LogType, LogOption, String, Object)
UnityEngine.Logger:Log(LogType, Object)
UnityEngine.Debug:Log(Object)
GameTutMgr:Show(GameTutType, Boolean)
GameMgr:SetState(GameState, Boolean)
Player:MyUpdate()
<EmulateUpdate>d__3:MoveNext()
MEC.Timing:Update()

Setting state kPlaying -> kPaused
UnityEngine.DebugLogHandler:Internal_Log(LogType, LogOption, String, Object)
UnityEngine.Logger:Log(LogType, Object)
UnityEngine.Debug:Log(Object)
GameMgr:SetState(GameState, Boolean)
Player:MyUpdate()
<EmulateUpdate>d__3:MoveNext()
MEC.Timing:Update()

The referenced script on this Behaviour (Game Object 'WrapperBtnPrompts') is missing!
Unloading 5 Unused Serialized files (Serialized files now loaded: 0)
UnloadTime: 4.236300 ms
kNormal -> kReturningFromLvl
UnityEngine.DebugLogHandler:Internal_Log(LogType, LogOption, String, Object)
UnityEngine.Logger:Log(LogType, Object)
UnityEngine.Debug:Log(Object)
BaseMgr:SetState(BaseState, Boolean)
BaseMgr:Start()

sidebar selected: True
UnityEngine.DebugLogHandler:Internal_Log(LogType, LogOption, String, Object)
UnityEngine.Logger:Log(LogType, Object)
UnityEngine.Debug:Log(Object)
BaseUI:SetSidebarSelected(Boolean, Boolean, CoolButton)
BaseUI:Start()

Unloading 109 unused Assets to reduce memory usage. Loaded Objects now: 60092.
Total: 15.466100 ms (FindLiveObjects: 2.824300 ms CreateObjectMapping: 2.134600 ms MarkObjects: 10.293600 ms  DeleteObjects: 0.213200 ms)

kReturningFromLvl -> kCutscene
UnityEngine.DebugLogHandler:Internal_Log(LogType, LogOption, String, Object)
UnityEngine.Logger:Log(LogType, Object)
UnityEngine.Debug:Log(Object)
BaseMgr:SetState(BaseState, Boolean)
<_RunReturningFromLvl>d__68:MoveNext()
<CancelWith>d__0:MoveNext()
MEC.Timing:Update()

kCutscene -> kNormal
UnityEngine.DebugLogHandler:Internal_Log(LogType, LogOption, String, Object)
UnityEngine.Logger:Log(LogType, Object)
UnityEngine.Debug:Log(Object)
BaseMgr:SetState(BaseState, Boolean)
BaseMgr:OnReturnToBaseComplete()
<_RunReturningFromLvl>d__68:MoveNext()
<CancelWith>d__0:MoveNext()
MEC.Timing:Update()

kNormal -> kBuildMenu
UnityEngine.DebugLogHandler:Internal_Log(LogType, LogOption, String, Object)
UnityEngine.Logger:Log(LogType, Object)
UnityEngine.Debug:Log(Object)
BaseMgr:SetState(BaseState, Boolean)
CoolButton:RunOnPointerUp(InputButton)
UnityEngine.EventSystems.ExecuteEvents:Execute(GameObject, BaseEventData, EventFunction`1)
Rewired.Integration.UnityUI.RewiredStandaloneInputModule:ProcessMousePress(MouseButtonEventData)
Rewired.Integration.UnityUI.RewiredStandaloneInputModule:ProcessMouseEvent(Int32, Int32)
Rewired.Integration.UnityUI.RewiredStandaloneInputModule:Process()
UnityEngine.EventSystems.EventSystem:Update()
Rewired.Integration.UnityUI.RewiredEventSystem:Update()

kBuildMenu -> kPlaceBuilding
UnityEngine.DebugLogHandler:Internal_Log(LogType, LogOption, String, Object)
UnityEngine.Logger:Log(LogType, Object)
UnityEngine.Debug:Log(Object)
BaseMgr:SetState(BaseState, Boolean)
CoolButton:RunOnPointerUp(InputButton)
UnityEngine.EventSystems.ExecuteEvents:Execute(GameObject, BaseEventData, EventFunction`1)
Rewired.Integration.UnityUI.RewiredStandaloneInputModule:ProcessMousePress(MouseButtonEventData)
Rewired.Integration.UnityUI.RewiredStandaloneInputModule:ProcessMouseEvent(Int32, Int32)
Rewired.Integration.UnityUI.RewiredStandaloneInputModule:Process()
UnityEngine.EventSystems.EventSystem:Update()
Rewired.Integration.UnityUI.RewiredEventSystem:Update()

Missing Translation for 'Generated/hvst_extrawheat_name'
UnityEngine.DebugLogHandler:Internal_Log(LogType, LogOption, String, Object)
UnityEngine.Logger:Log(LogType, Object, Object)
UnityEngine.Debug:LogWarning(Object, Object)
I2.Loc.LanguageSourceData:TryGetTranslation(String, String&, String, String, Boolean, Boolean)
I2.Loc.LocalizationManager:TryGetTranslation(String, String&, Boolean, Int32, Boolean, Boolean, GameObject, String, Boolean)
I2.Loc.LocalizationManager:GetTranslation(String, Boolean, Int32, Boolean, Boolean, GameObject, String, Boolean)
I2.Loc.Localize:OnLocalize(Boolean)
BaseHoverPopup:HoverSidebar(BaseSidebarBtn)
BaseSidebarBtn:OnHover()
UnityEngine.EventSystems.ExecuteEvents:Execute(GameObject, BaseEventData, EventFunction`1)
UnityEngine.EventSystems.BaseInputModule:HandlePointerExitAndEnter(PointerEventData, GameObject)
Rewired.Integration.UnityUI.RewiredStandaloneInputModule:ProcessMouseEvent(Int32, Int32)
Rewired.Integration.UnityUI.RewiredStandaloneInputModule:Process()
UnityEngine.EventSystems.EventSystem:Update()
Rewired.Integration.UnityUI.RewiredEventSystem:Update()

Missing Translation for 'Generated/hvst_extrawheat_desc'
UnityEngine.DebugLogHandler:Internal_Log(LogType, LogOption, String, Object)
UnityEngine.Logger:Log(LogType, Object, Object)
UnityEngine.Debug:LogWarning(Object, Object)
I2.Loc.LanguageSourceData:TryGetTranslation(String, String&, String, String, Boolean, Boolean)
I2.Loc.LocalizationManager:TryGetTranslation(String, String&, Boolean, Int32, Boolean, Boolean, GameObject, String, Boolean)
I2.Loc.LocalizationManager:GetTranslation(String, Boolean, Int32, Boolean, Boolean, GameObject, String, Boolean)
I2.Loc.Localize:OnLocalize(Boolean)
BaseHoverPopup:HoverSidebar(BaseSidebarBtn)
BaseSidebarBtn:OnHover()
UnityEngine.EventSystems.ExecuteEvents:Execute(GameObject, BaseEventData, EventFunction`1)
UnityEngine.EventSystems.BaseInputModule:HandlePointerExitAndEnter(PointerEventData, GameObject)
Rewired.Integration.UnityUI.RewiredStandaloneInputModule:ProcessMouseEvent(Int32, Int32)
Rewired.Integration.UnityUI.RewiredStandaloneInputModule:Process()
UnityEngine.EventSystems.EventSystem:Update()
Rewired.Integration.UnityUI.RewiredEventSystem:Update()

Missing Translation for 'Recovering...'
UnityEngine.DebugLogHandler:Internal_Log(LogType, LogOption, String, Object)
UnityEngine.Logger:Log(LogType, Object, Object)
UnityEngine.Debug:LogWarning(Object, Object)
I2.Loc.LanguageSourceData:TryGetTranslation(String, String&, String, String, Boolean, Boolean)
I2.Loc.LocalizationManager:TryGetTranslation(String, String&, Boolean, Int32, Boolean, Boolean, GameObject, String, Boolean)
I2.Loc.LocalizationManager:GetTranslation(String, Boolean, Int32, Boolean, Boolean, GameObject, String, Boolean)
I2.Loc.Localize:OnLocalize(Boolean)
BaseHoverPopup:HoverSidebar(BaseSidebarBtn)
BaseSidebarBtn:OnHover()
UnityEngine.EventSystems.ExecuteEvents:Execute(GameObject, BaseEventData, EventFunction`1)
UnityEngine.EventSystems.BaseInputModule:HandlePointerExitAndEnter(PointerEventData, GameObject)
Rewired.Integration.UnityUI.RewiredStandaloneInputModule:ProcessMouseEvent(Int32, Int32)
Rewired.Integration.UnityUI.RewiredStandaloneInputModule:Process()
UnityEngine.EventSystems.EventSystem:Update()
Rewired.Integration.UnityUI.RewiredEventSystem:Update()

[Physics::Module] Cleanup current backned.
[Physics::Module] Id: 0xf2b8ea05
Input System module state changed to: ShutdownInProgress.
Input System polling thread exited.
Input System module state changed to: Shutdown.
